INFO (2024-08-20 14:52:40,770): Тестируем файл на данные (Line: 22) [conftest.py]
