INFO (2024-08-22 12:07:30,572): Тестируем файл на данные (Line: 22) [conftest.py]
